$ curl 'http://1.2.3.4/calc?abc'
ERROR
$ curl 'http://1.2.3.4/calc?1+1'
2
$ curl 'http://1.2.3.4/calc?2-1'
1
$ curl 'http://1.2.3.4/calc?3*2'
6
$ curl 'http://1.2.3.4/calc?4/2'
2
$ curl 'http://1.2.3.4/calc?1+2*3'
7
$ curl 'http://1.2.3.4/calc?(1+2)*3'
9